Copyright 1986-2022 Xilinx, Inc. All Rights Reserved. Copyright 2022-2025 Advanced Micro Devices, Inc. All Rights Reserved.
--------------------------------------------------------------------------------------------------------------------------------------------------------------------------------------------------------------------
| Tool Version : Vivado v.2024.2.2 (win64) Build 6060944 Thu Mar 06 19:10:01 MST 2025
| Date         : Mon May  4 20:19:09 2026
| Host         : DESKTOP-SPFRT2B running 64-bit major release  (build 9200)
| Command      : report_high_fanout_nets -fanout_greater_than 16 -file C:/Users/DELL/Desktop/Traffic-Light-Controller-using-Verilog-master/pparser_vivado_src/reports/pparser_high_fanout_synth_generic_7series.rpt
| Design       : pparser_hw_static
| Device       : xc7a200t
--------------------------------------------------------------------------------------------------------------------------------------------------------------------------------------------------------------------

High Fan-out Nets Information

1. Summary
----------

+--------------------------------------------------------------------------+--------+-------------+
| Net Name                                                                 | Fanout | Driver Type |
+--------------------------------------------------------------------------+--------+-------------+
| clk_i_BUFG                                                               |   1096 | BUFG        |
| u_action_table/u_action_bram/u_rule_bram/xpm_memory_base_inst/douta[0]   |   1032 | RAMB36E1    |
| u_action_table/u_action_bram/u_rule_bram/xpm_memory_base_inst/douta[108] |   1032 | RAMB36E1    |
| u_action_table/u_action_bram/u_rule_bram/xpm_memory_base_inst/douta[117] |   1032 | RAMB36E1    |
| u_action_table/u_action_bram/u_rule_bram/xpm_memory_base_inst/douta[126] |   1032 | RAMB36E1    |
| u_action_table/u_action_bram/u_rule_bram/xpm_memory_base_inst/douta[135] |   1032 | RAMB36E1    |
| u_action_table/u_action_bram/u_rule_bram/xpm_memory_base_inst/douta[144] |   1032 | RAMB36E1    |
| u_action_table/u_action_bram/u_rule_bram/xpm_memory_base_inst/douta[153] |   1032 | RAMB36E1    |
| u_action_table/u_action_bram/u_rule_bram/xpm_memory_base_inst/douta[180] |   1032 | RAMB36E1    |
| u_action_table/u_action_bram/u_rule_bram/xpm_memory_base_inst/douta[189] |   1032 | RAMB36E1    |
+--------------------------------------------------------------------------+--------+-------------+


