Copyright 1986-2022 Xilinx, Inc. All Rights Reserved. Copyright 2022-2025 Advanced Micro Devices, Inc. All Rights Reserved.
---------------------------------------------------------------------------------------------------------------------------------------------------------------------------------------
| Tool Version : Vivado v.2024.2.2 (win64) Build 6060944 Thu Mar 06 19:10:01 MST 2025
| Date         : Sat May  2 11:47:57 2026
| Host         : DESKTOP-SPFRT2B running 64-bit major release  (build 9200)
| Command      : report_utilization -file C:/Users/DELL/Desktop/Traffic-Light-Controller-using-Verilog-master/pparser_vivado_src/reports/pparser_utilization_synth_generic_7series.rpt
| Design       : pparser_hw_static
| Device       : xc7a35tcpg236-1
| Speed File   : -1
| Design State : Synthesized
---------------------------------------------------------------------------------------------------------------------------------------------------------------------------------------

Utilization Design Information

Table of Contents
-----------------
1. Slice Logic
1.1 Summary of Registers by Type
2. Memory
3. DSP
4. IO and GT Specific
5. Clocking
6. Specific Feature
7. Primitives
8. Black Boxes
9. Instantiated Netlists

1. Slice Logic
--------------

+----------------------------+------+-------+------------+-----------+-------+
|          Site Type         | Used | Fixed | Prohibited | Available | Util% |
+----------------------------+------+-------+------------+-----------+-------+
| Slice LUTs*                | 1828 |     0 |          0 |     20800 |  8.79 |
|   LUT as Logic             | 1412 |     0 |          0 |     20800 |  6.79 |
|   LUT as Memory            |  416 |     0 |          0 |      9600 |  4.33 |
|     LUT as Distributed RAM |    0 |     0 |            |           |       |
|     LUT as Shift Register  |  416 |     0 |            |           |       |
| Slice Registers            |  541 |     0 |          0 |     41600 |  1.30 |
|   Register as Flip Flop    |  541 |     0 |          0 |     41600 |  1.30 |
|   Register as Latch        |    0 |     0 |          0 |     41600 |  0.00 |
| F7 Muxes                   |  160 |     0 |          0 |     16300 |  0.98 |
| F8 Muxes                   |   48 |     0 |          0 |      8150 |  0.59 |
+----------------------------+------+-------+------------+-----------+-------+
* Warning! The Final LUT count, after physical optimizations and full implementation, is typically lower. Run opt_design after synthesis, if not already completed, for a more realistic count.
Warning! LUT value is adjusted to account for LUT combining.
Warning! For any ECO changes, please run place_design if there are unplaced instances


1.1 Summary of Registers by Type
--------------------------------

+-------+--------------+-------------+--------------+
| Total | Clock Enable | Synchronous | Asynchronous |
+-------+--------------+-------------+--------------+
| 0     |            _ |           - |            - |
| 0     |            _ |           - |          Set |
| 0     |            _ |           - |        Reset |
| 0     |            _ |         Set |            - |
| 0     |            _ |       Reset |            - |
| 0     |          Yes |           - |            - |
| 0     |          Yes |           - |          Set |
| 0     |          Yes |           - |        Reset |
| 17    |          Yes |         Set |            - |
| 524   |          Yes |       Reset |            - |
+-------+--------------+-------------+--------------+


2. Memory
---------

+-------------------+------+-------+------------+-----------+-------+
|     Site Type     | Used | Fixed | Prohibited | Available | Util% |
+-------------------+------+-------+------------+-----------+-------+
| Block RAM Tile    | 23.5 |     0 |          0 |        50 | 47.00 |
|   RAMB36/FIFO*    |   23 |     0 |          0 |        50 | 46.00 |
|     RAMB36E1 only |   23 |       |            |           |       |
|   RAMB18          |    1 |     0 |          0 |       100 |  1.00 |
|     RAMB18E1 only |    1 |       |            |           |       |
+-------------------+------+-------+------------+-----------+-------+
* Note: Each Block RAM Tile only has one FIFO logic available and therefore can accommodate only one FIFO36E1 or one FIFO18E1. However, if a FIFO18E1 occupies a Block RAM Tile, that tile can still accommodate a RAMB18E1


3. DSP
------

+-----------+------+-------+------------+-----------+-------+
| Site Type | Used | Fixed | Prohibited | Available | Util% |
+-----------+------+-------+------------+-----------+-------+
| DSPs      |    0 |     0 |          0 |        90 |  0.00 |
+-----------+------+-------+------------+-----------+-------+


4. IO and GT Specific
---------------------

+-----------------------------+------+-------+------------+-----------+---------+
|          Site Type          | Used | Fixed | Prohibited | Available |  Util%  |
+-----------------------------+------+-------+------------+-----------+---------+
| Bonded IOB                  | 1779 |     0 |          0 |       106 | 1678.30 |
| Bonded IPADs                |    0 |     0 |          0 |        10 |    0.00 |
| Bonded OPADs                |    0 |     0 |          0 |         4 |    0.00 |
| PHY_CONTROL                 |    0 |     0 |          0 |         5 |    0.00 |
| PHASER_REF                  |    0 |     0 |          0 |         5 |    0.00 |
| OUT_FIFO                    |    0 |     0 |          0 |        20 |    0.00 |
| IN_FIFO                     |    0 |     0 |          0 |        20 |    0.00 |
| IDELAYCTRL                  |    0 |     0 |          0 |         5 |    0.00 |
| IBUFDS                      |    0 |     0 |          0 |       104 |    0.00 |
| GTPE2_CHANNEL               |    0 |     0 |          0 |         2 |    0.00 |
| PHASER_OUT/PHASER_OUT_PHY   |    0 |     0 |          0 |        20 |    0.00 |
| PHASER_IN/PHASER_IN_PHY     |    0 |     0 |          0 |        20 |    0.00 |
| IDELAYE2/IDELAYE2_FINEDELAY |    0 |     0 |          0 |       250 |    0.00 |
| IBUFDS_GTE2                 |    0 |     0 |          0 |         2 |    0.00 |
| ILOGIC                      |    0 |     0 |          0 |       106 |    0.00 |
| OLOGIC                      |    0 |     0 |          0 |       106 |    0.00 |
+-----------------------------+------+-------+------------+-----------+---------+


5. Clocking
-----------

+------------+------+-------+------------+-----------+-------+
|  Site Type | Used | Fixed | Prohibited | Available | Util% |
+------------+------+-------+------------+-----------+-------+
| BUFGCTRL   |    1 |     0 |          0 |        32 |  3.13 |
| BUFIO      |    0 |     0 |          0 |        20 |  0.00 |
| MMCME2_ADV |    0 |     0 |          0 |         5 |  0.00 |
| PLLE2_ADV  |    0 |     0 |          0 |         5 |  0.00 |
| BUFMRCE    |    0 |     0 |          0 |        10 |  0.00 |
| BUFHCE     |    0 |     0 |          0 |        72 |  0.00 |
| BUFR       |    0 |     0 |          0 |        20 |  0.00 |
+------------+------+-------+------------+-----------+-------+


6. Specific Feature
-------------------

+-------------+------+-------+------------+-----------+-------+
|  Site Type  | Used | Fixed | Prohibited | Available | Util% |
+-------------+------+-------+------------+-----------+-------+
| BSCANE2     |    0 |     0 |          0 |         4 |  0.00 |
| CAPTUREE2   |    0 |     0 |          0 |         1 |  0.00 |
| DNA_PORT    |    0 |     0 |          0 |         1 |  0.00 |
| EFUSE_USR   |    0 |     0 |          0 |         1 |  0.00 |
| FRAME_ECCE2 |    0 |     0 |          0 |         1 |  0.00 |
| ICAPE2      |    0 |     0 |          0 |         2 |  0.00 |
| PCIE_2_1    |    0 |     0 |          0 |         1 |  0.00 |
| STARTUPE2   |    0 |     0 |          0 |         1 |  0.00 |
| XADC        |    0 |     0 |          0 |         1 |  0.00 |
+-------------+------+-------+------------+-----------+-------+


7. Primitives
-------------

+----------+------+---------------------+
| Ref Name | Used | Functional Category |
+----------+------+---------------------+
| IBUF     | 1260 |                  IO |
| FDRE     |  524 |        Flop & Latch |
| OBUF     |  519 |                  IO |
| LUT3     |  514 |                 LUT |
| LUT6     |  474 |                 LUT |
| SRL16E   |  416 |  Distributed Memory |
| LUT4     |  356 |                 LUT |
| LUT1     |  223 |                 LUT |
| LUT2     |  164 |                 LUT |
| MUXF7    |  160 |               MuxFx |
| CARRY4   |  128 |          CarryLogic |
| LUT5     |  119 |                 LUT |
| MUXF8    |   48 |               MuxFx |
| RAMB36E1 |   23 |        Block Memory |
| FDSE     |   17 |        Flop & Latch |
| RAMB18E1 |    1 |        Block Memory |
| BUFG     |    1 |               Clock |
+----------+------+---------------------+


8. Black Boxes
--------------

+----------+------+
| Ref Name | Used |
+----------+------+


9. Instantiated Netlists
------------------------

+----------+------+
| Ref Name | Used |
+----------+------+


