Copyright 1986-2022 Xilinx, Inc. All Rights Reserved. Copyright 2022-2025 Advanced Micro Devices, Inc. All Rights Reserved.
---------------------------------------------------------------------------------------------------------------------------------------------------------------------------------------------
| Tool Version : Vivado v.2024.2.2 (win64) Build 6060944 Thu Mar 06 19:10:01 MST 2025
| Date         : Mon May  4 20:19:09 2026
| Host         : DESKTOP-SPFRT2B running 64-bit major release  (build 9200)
| Command      : report_timing_summary -file C:/Users/DELL/Desktop/Traffic-Light-Controller-using-Verilog-master/pparser_vivado_src/reports/pparser_timing_summary_synth_generic_7series.rpt
| Design       : pparser_hw_static
| Device       : 7a200t-fbg676
| Speed File   : -2  PRODUCTION 1.23 2018-06-13
| Design State : Synthesized
---------------------------------------------------------------------------------------------------------------------------------------------------------------------------------------------

Timing Summary Report

------------------------------------------------------------------------------------------------
| Timer Settings
| --------------
------------------------------------------------------------------------------------------------

  Enable Multi Corner Analysis               :  Yes
  Enable Pessimism Removal                   :  Yes
  Pessimism Removal Resolution               :  Nearest Common Node
  Enable Input Delay Default Clock           :  No
  Enable Preset / Clear Arcs                 :  No
  Disable Flight Delays                      :  No
  Ignore I/O Paths                           :  No
  Timing Early Launch at Borrowing Latches   :  No
  Borrow Time for Max Delay Exceptions       :  Yes
  Merge Timing Exceptions                    :  Yes
  Inter-SLR Compensation                     :  Conservative

  Corner  Analyze    Analyze    
  Name    Max Paths  Min Paths  
  ------  ---------  ---------  
  Slow    Yes        Yes        
  Fast    Yes        Yes        


------------------------------------------------------------------------------------------------
| Report Methodology
| ------------------
------------------------------------------------------------------------------------------------

No report available as report_methodology has not been run prior. Run report_methodology on the current design for the summary of methodology violations.



check_timing report

Table of Contents
-----------------
1. checking no_clock (0)
2. checking constant_clock (0)
3. checking pulse_width_clock (0)
4. checking unconstrained_internal_endpoints (0)
5. checking no_input_delay (2051)
6. checking no_output_delay (219)
7. checking multiple_clock (0)
8. checking generated_clocks (0)
9. checking loops (0)
10. checking partial_input_delay (0)
11. checking partial_output_delay (0)
12. checking latch_loops (0)

1. checking no_clock (0)
------------------------
 There are 0 register/latch pins with no clock.


2. checking constant_clock (0)
------------------------------
 There are 0 register/latch pins with constant_clock.


3. checking pulse_width_clock (0)
---------------------------------
 There are 0 register/latch pins which need pulse_width check


4. checking unconstrained_internal_endpoints (0)
------------------------------------------------
 There are 0 pins that are not constrained for maximum delay.

 There are 0 pins that are not constrained for maximum delay due to constant clock.


5. checking no_input_delay (2051)
---------------------------------
 There are 2051 input ports with no input delay specified. (HIGH)

 There are 0 input ports with no input delay but user has a false path constraint.


6. checking no_output_delay (219)
---------------------------------
 There are 219 ports with no output delay specified. (HIGH)

 There are 0 ports with no output delay but user has a false path constraint

 There are 0 ports with no output delay but with a timing clock defined on it or propagating through it


7. checking multiple_clock (0)
------------------------------
 There are 0 register/latch pins with multiple clocks.


8. checking generated_clocks (0)
--------------------------------
 There are 0 generated clocks that are not connected to a clock source.


9. checking loops (0)
---------------------
 There are 0 combinational loops in the design.


10. checking partial_input_delay (0)
------------------------------------
 There are 0 input ports with partial input delay specified.


11. checking partial_output_delay (0)
-------------------------------------
 There are 0 ports with partial output delay specified.


12. checking latch_loops (0)
----------------------------
 There are 0 combinational latch loops in the design through latch input



------------------------------------------------------------------------------------------------
| Design Timing Summary
| ---------------------
------------------------------------------------------------------------------------------------

    WNS(ns)      TNS(ns)  TNS Failing Endpoints  TNS Total Endpoints      WHS(ns)      THS(ns)  THS Failing Endpoints  THS Total Endpoints     WPWS(ns)     TPWS(ns)  TPWS Failing Endpoints  TPWS Total Endpoints  
    -------      -------  ---------------------  -------------------      -------      -------  ---------------------  -------------------     --------     --------  ----------------------  --------------------  
      3.869        0.000                      0                 3100       -0.338       -5.325                     17                 3100        4.146        0.000                       0                  1147  


Timing constraints are not met.


------------------------------------------------------------------------------------------------
| Clock Summary
| -------------
------------------------------------------------------------------------------------------------

Clock  Waveform(ns)       Period(ns)      Frequency(MHz)
-----  ------------       ----------      --------------
clk    {0.000 5.000}      10.000          100.000         


------------------------------------------------------------------------------------------------
| Intra Clock Table
| -----------------
------------------------------------------------------------------------------------------------

Clock             WNS(ns)      TNS(ns)  TNS Failing Endpoints  TNS Total Endpoints      WHS(ns)      THS(ns)  THS Failing Endpoints  THS Total Endpoints     WPWS(ns)     TPWS(ns)  TPWS Failing Endpoints  TPWS Total Endpoints  
-----             -------      -------  ---------------------  -------------------      -------      -------  ---------------------  -------------------     --------     --------  ----------------------  --------------------  
clk                 3.869        0.000                      0                 3100       -0.338       -5.325                     17                 3100        4.146        0.000                       0                  1147  


------------------------------------------------------------------------------------------------
| Inter Clock Table
| -----------------
------------------------------------------------------------------------------------------------

From Clock    To Clock          WNS(ns)      TNS(ns)  TNS Failing Endpoints  TNS Total Endpoints      WHS(ns)      THS(ns)  THS Failing Endpoints  THS Total Endpoints  
----------    --------          -------      -------  ---------------------  -------------------      -------      -------  ---------------------  -------------------  


------------------------------------------------------------------------------------------------
| Other Path Groups Table
| -----------------------
------------------------------------------------------------------------------------------------

Path Group    From Clock    To Clock          WNS(ns)      TNS(ns)  TNS Failing Endpoints  TNS Total Endpoints      WHS(ns)      THS(ns)  THS Failing Endpoints  THS Total Endpoints  
----------    ----------    --------          -------      -------  ---------------------  -------------------      -------      -------  ---------------------  -------------------  


------------------------------------------------------------------------------------------------
| Timing Details
| --------------
------------------------------------------------------------------------------------------------


---------------------------------------------------------------------------------------------------
From Clock:  clk
  To Clock:  clk

Setup :            0  Failing Endpoints,  Worst Slack        3.869ns,  Total Violation        0.000ns
Hold  :           17  Failing Endpoints,  Worst Slack       -0.338ns,  Total Violation       -5.325ns
PW    :            0  Failing Endpoints,  Worst Slack        4.146ns,  Total Violation        0.000ns
---------------------------------------------------------------------------------------------------


Max Delay Paths
--------------------------------------------------------------------------------------
Slack (MET) :             3.869ns  (required time - arrival time)
  Source:                 s4_stage1_key_reg[3]/C
                            (rising edge-triggered cell FDRE clocked by clk  {rise@0.000ns fall@5.000ns period=10.000ns})
  Destination:            u_stage1_tcam/u_stage1_cam_core/stage1_cam_i/rtl_cam/mlog/reg.regbi.match_addr_bin_int_reg[0]/D
                            (rising edge-triggered cell FDRE clocked by clk  {rise@0.000ns fall@5.000ns period=10.000ns})
  Path Group:             clk
  Path Type:              Setup (Max at Slow Process Corner)
  Requirement:            10.000ns  (clk rise@10.000ns - clk rise@0.000ns)
  Data Path Delay:        5.980ns  (logic 2.330ns (38.963%)  route 3.650ns (61.037%))
  Logic Levels:           10  (CARRY4=5 LUT4=1 LUT6=3 SRL16E=1)
  Clock Path Skew:        -0.145ns (DCD - SCD + CPR)
    Destination Clock Delay (DCD):    1.881ns = ( 11.881 - 10.000 ) 
    Source Clock Delay      (SCD):    2.193ns
    Clock Pessimism Removal (CPR):    0.167ns
  Clock Uncertainty:      0.035ns  ((TSJ^2 + TIJ^2)^1/2 + DJ) / 2 + PE
    Total System Jitter     (TSJ):    0.071ns
    Total Input Jitter      (TIJ):    0.000ns
    Discrete Jitter          (DJ):    0.000ns
    Phase Error              (PE):    0.000ns

    Location             Delay type                Incr(ns)  Path(ns)    Netlist Resource(s)
  -------------------------------------------------------------------    -------------------
                         (clock clk rise edge)        0.000     0.000 r  
                                                      0.000     0.000 r  clk (IN)
                         net (fo=0)                   0.000     0.000    clk
                         IBUF (Prop_ibuf_I_O)         0.882     0.882 r  clk_IBUF_inst/O
                         net (fo=1, unplaced)         0.646     1.528    clk_i
                         BUFG (Prop_bufg_I_O)         0.081     1.609 r  clk_i_BUFG_inst/O
                         net (fo=1096, unplaced)      0.584     2.193    clk_i_BUFG
                         FDRE                                         r  s4_stage1_key_reg[3]/C
  -------------------------------------------------------------------    -------------------
                         FDRE (Prop_fdre_C_Q)         0.379     2.572 r  s4_stage1_key_reg[3]/Q
                         net (fo=9, unplaced)         0.640     3.212    u_stage1_tcam/u_stage1_cam_core/stage1_cam_i/rtl_cam/mem/gsrl.srlmem/gblks[0].glast.blkb/loopw[14].sword/gsrl[15].gini0.psrl_0[3]
                         LUT4 (Prop_lut4_I3_O)        0.252     3.464 r  u_stage1_tcam/u_stage1_cam_core/stage1_cam_i/rtl_cam/mem/gsrl.srlmem/gblks[0].glast.blkb/loopw[14].sword/rd_data_tmp_inst__98_rep/O
                         net (fo=8, unplaced)         0.976     4.440    u_stage1_tcam/u_stage1_cam_core/stage1_cam_i/rtl_cam/mem/gsrl.srlmem/gblks[0].glast.blkb/loopw[10].sword/gsrl[1].gini0.psrl_0
                         SRL16E (Prop_srl16e_A0_Q)    0.105     4.545 r  u_stage1_tcam/u_stage1_cam_core/stage1_cam_i/rtl_cam/mem/gsrl.srlmem/gblks[0].glast.blkb/loopw[10].sword/gsrl[1].gini0.psrl/Q
                         net (fo=1, unplaced)         0.529     5.074    u_stage1_tcam/u_stage1_cam_core/stage1_cam_i/rtl_cam/mem/gsrl.srlmem/gblks[0].glast.blkb/loopw[10].sword/srl16_match_1
                         CARRY4 (Prop_carry4_S[1]_CO[3])
                                                      0.549     5.623 r  u_stage1_tcam/u_stage1_cam_core/stage1_cam_i/rtl_cam/mem/gsrl.srlmem/gblks[0].glast.blkb/loopw[10].sword/gsrl[0].lsmux.gmux1_CARRY4/CO[3]
                         net (fo=1, unplaced)         0.008     5.631    u_stage1_tcam/u_stage1_cam_core/stage1_cam_i/rtl_cam/mem/gsrl.srlmem/gblks[0].glast.blkb/loopw[10].sword/carry_3
                         CARRY4 (Prop_carry4_CI_CO[3])
                                                      0.100     5.731 r  u_stage1_tcam/u_stage1_cam_core/stage1_cam_i/rtl_cam/mem/gsrl.srlmem/gblks[0].glast.blkb/loopw[10].sword/gsrl[4].msmux.gmuxn_CARRY4/CO[3]
                         net (fo=1, unplaced)         0.000     5.731    u_stage1_tcam/u_stage1_cam_core/stage1_cam_i/rtl_cam/mem/gsrl.srlmem/gblks[0].glast.blkb/loopw[10].sword/carry_7
                         CARRY4 (Prop_carry4_CI_CO[3])
                                                      0.100     5.831 r  u_stage1_tcam/u_stage1_cam_core/stage1_cam_i/rtl_cam/mem/gsrl.srlmem/gblks[0].glast.blkb/loopw[10].sword/gsrl[8].msmux.gmuxn_CARRY4/CO[3]
                         net (fo=1, unplaced)         0.000     5.831    u_stage1_tcam/u_stage1_cam_core/stage1_cam_i/rtl_cam/mem/gsrl.srlmem/gblks[0].glast.blkb/loopw[10].sword/carry_11
                         CARRY4 (Prop_carry4_CI_CO[3])
                                                      0.100     5.931 r  u_stage1_tcam/u_stage1_cam_core/stage1_cam_i/rtl_cam/mem/gsrl.srlmem/gblks[0].glast.blkb/loopw[10].sword/gsrl[12].msmux.gmuxn_CARRY4/CO[3]
                         net (fo=1, unplaced)         0.000     5.931    u_stage1_tcam/u_stage1_cam_core/stage1_cam_i/rtl_cam/mem/gsrl.srlmem/gblks[0].glast.blkb/loopw[10].sword/carry_15
                         CARRY4 (Prop_carry4_CI_CO[0])
                                                      0.238     6.169 f  u_stage1_tcam/u_stage1_cam_core/stage1_cam_i/rtl_cam/mem/gsrl.srlmem/gblks[0].glast.blkb/loopw[10].sword/gsrl[16].msmux.gmuxn_CARRY4/CO[0]
                         net (fo=4, unplaced)         0.803     6.972    u_stage1_tcam/u_stage1_cam_core/stage1_cam_i/rtl_cam/mem/gsrl.srlmem/gblks[0].glast.blkb/loopw[10].sword/matches[0]
                         LUT6 (Prop_lut6_I0_O)        0.297     7.269 r  u_stage1_tcam/u_stage1_cam_core/stage1_cam_i/rtl_cam/mem/gsrl.srlmem/gblks[0].glast.blkb/loopw[10].sword/reg.regbi.match_addr_bin_int[0]_i_3__0/O
                         net (fo=1, unplaced)         0.347     7.616    u_stage1_tcam/u_stage1_cam_core/stage1_cam_i/rtl_cam/mem/gsrl.srlmem/gblks[0].glast.blkb/loopw[6].sword/reg.regbi.match_addr_bin_int_reg[0]
                         LUT6 (Prop_lut6_I4_O)        0.105     7.721 r  u_stage1_tcam/u_stage1_cam_core/stage1_cam_i/rtl_cam/mem/gsrl.srlmem/gblks[0].glast.blkb/loopw[6].sword/reg.regbi.match_addr_bin_int[0]_i_2__0/O
                         net (fo=1, unplaced)         0.347     8.068    u_stage1_tcam/u_stage1_cam_core/stage1_cam_i/rtl_cam/mem/gsrl.srlmem/gblks[0].glast.blkb/loopw[1].sword/reg.regbi.match_addr_bin_int_reg[0]
                         LUT6 (Prop_lut6_I2_O)        0.105     8.173 r  u_stage1_tcam/u_stage1_cam_core/stage1_cam_i/rtl_cam/mem/gsrl.srlmem/gblks[0].glast.blkb/loopw[1].sword/reg.regbi.match_addr_bin_int[0]_i_1__0/O
                         net (fo=1, unplaced)         0.000     8.173    u_stage1_tcam/u_stage1_cam_core/stage1_cam_i/rtl_cam/mlog/reg.regbi.match_addr_bin_int_reg[2]_0[0]
                         FDRE                                         r  u_stage1_tcam/u_stage1_cam_core/stage1_cam_i/rtl_cam/mlog/reg.regbi.match_addr_bin_int_reg[0]/D
  -------------------------------------------------------------------    -------------------

                         (clock clk rise edge)       10.000    10.000 r  
                                                      0.000    10.000 r  clk (IN)
                         net (fo=0)                   0.000    10.000    clk
                         IBUF (Prop_ibuf_I_O)         0.751    10.751 r  clk_IBUF_inst/O
                         net (fo=1, unplaced)         0.613    11.365    clk_i
                         BUFG (Prop_bufg_I_O)         0.077    11.442 r  clk_i_BUFG_inst/O
                         net (fo=1096, unplaced)      0.439    11.881    u_stage1_tcam/u_stage1_cam_core/stage1_cam_i/rtl_cam/mlog/clk_i_BUFG
                         FDRE                                         r  u_stage1_tcam/u_stage1_cam_core/stage1_cam_i/rtl_cam/mlog/reg.regbi.match_addr_bin_int_reg[0]/C
                         clock pessimism              0.167    12.048    
                         clock uncertainty           -0.035    12.012    
                         FDRE (Setup_fdre_C_D)        0.029    12.041    u_stage1_tcam/u_stage1_cam_core/stage1_cam_i/rtl_cam/mlog/reg.regbi.match_addr_bin_int_reg[0]
  -------------------------------------------------------------------
                         required time                         12.041    
                         arrival time                          -8.173    
  -------------------------------------------------------------------
                         slack                                  3.869    





Min Delay Paths
--------------------------------------------------------------------------------------
Slack (VIOLATED) :        -0.338ns  (arrival time - required time)
  Source:                 u_stage0_tcam/u_stage0_cam_core/init_index_r_reg[3]_rep/C
                            (rising edge-triggered cell FDRE clocked by clk  {rise@0.000ns fall@5.000ns period=10.000ns})
  Destination:            u_stage0_tcam/u_stage0_cam_core/stage0_cam_i/rtl_cam/ilog/gwl.din_q_reg[11]/D
                            (rising edge-triggered cell FDRE clocked by clk  {rise@0.000ns fall@5.000ns period=10.000ns})
  Path Group:             clk
  Path Type:              Hold (Min at Slow Process Corner)
  Requirement:            0.000ns  (clk rise@0.000ns - clk rise@0.000ns)
  Data Path Delay:        0.751ns  (logic 0.490ns (65.225%)  route 0.261ns (34.775%))
  Logic Levels:           1  (LUT4=1)
  Clock Path Skew:        0.834ns (DCD - SCD - CPR)
    Destination Clock Delay (DCD):    2.882ns
    Source Clock Delay      (SCD):    1.881ns
    Clock Pessimism Removal (CPR):    0.167ns

    Location             Delay type                Incr(ns)  Path(ns)    Netlist Resource(s)
  -------------------------------------------------------------------    -------------------
                         (clock clk rise edge)        0.000     0.000 r  
                                                      0.000     0.000 r  clk (IN)
                         net (fo=0)                   0.000     0.000    clk
                         IBUF (Prop_ibuf_I_O)         0.751     0.751 r  clk_IBUF_inst/O
                         net (fo=1, unplaced)         0.613     1.365    clk_i
                         BUFG (Prop_bufg_I_O)         0.077     1.442 r  clk_i_BUFG_inst/O
                         net (fo=1096, unplaced)      0.439     1.881    u_stage0_tcam/u_stage0_cam_core/clk_i_BUFG
                         FDRE                                         r  u_stage0_tcam/u_stage0_cam_core/init_index_r_reg[3]_rep/C
  -------------------------------------------------------------------    -------------------
                         FDRE (Prop_fdre_C_Q)         0.304     2.185 f  u_stage0_tcam/u_stage0_cam_core/init_index_r_reg[3]_rep/Q
                         net (fo=7, unplaced)         0.261     2.446    u_stage0_tcam/u_stage0_cam_core/stage0_cam_i/rtl_cam/mem/gsrl.srlmem/gblks[0].glast.blkb/loopw[15].sword/gwl.din_q_reg[11]_0
                         LUT4 (Prop_lut4_I3_O)        0.186     2.632 r  u_stage0_tcam/u_stage0_cam_core/stage0_cam_i/rtl_cam/mem/gsrl.srlmem/gblks[0].glast.blkb/loopw[15].sword/DIN_inst__1/O
                         net (fo=2, unplaced)         0.000     2.632    u_stage0_tcam/u_stage0_cam_core/stage0_cam_i/rtl_cam/ilog/gwl.din_q_reg[16]_1[11]
                         FDRE                                         r  u_stage0_tcam/u_stage0_cam_core/stage0_cam_i/rtl_cam/ilog/gwl.din_q_reg[11]/D
  -------------------------------------------------------------------    -------------------

                         (clock clk rise edge)        0.000     0.000 r  
                                                      0.000     0.000 r  clk (IN)
                         net (fo=0)                   0.000     0.000    clk
                         IBUF (Prop_ibuf_I_O)         0.882     0.882 r  clk_IBUF_inst/O
                         net (fo=1, unplaced)         0.646     1.528    clk_i
                         BUFG (Prop_bufg_I_O)         0.081     1.609 r  clk_i_BUFG_inst/O
                         net (fo=1096, unplaced)      0.584     2.193    u_stage0_tcam/u_stage0_cam_core/stage0_cam_i/rtl_cam/ilog/clk_i_BUFG
                         LUT1 (Prop_lut1_I0_O)        0.105     2.298 r  u_stage0_tcam/u_stage0_cam_core/stage0_cam_i/rtl_cam/ilog/clk_i_inst/O
                         net (fo=51, unplaced)        0.584     2.882    u_stage0_tcam/u_stage0_cam_core/stage0_cam_i/rtl_cam/ilog/clk_i
                         FDRE                                         r  u_stage0_tcam/u_stage0_cam_core/stage0_cam_i/rtl_cam/ilog/gwl.din_q_reg[11]/C
                         clock pessimism             -0.167     2.715    
                         FDRE (Hold_fdre_C_D)         0.255     2.970    u_stage0_tcam/u_stage0_cam_core/stage0_cam_i/rtl_cam/ilog/gwl.din_q_reg[11]
  -------------------------------------------------------------------
                         required time                         -2.970    
                         arrival time                           2.632    
  -------------------------------------------------------------------
                         slack                                 -0.338    





Pulse Width Checks
--------------------------------------------------------------------------------------
Clock Name:         clk
Waveform(ns):       { 0.000 5.000 }
Period(ns):         10.000
Sources:            { clk }

Check Type        Corner  Lib Pin             Reference Pin  Required(ns)  Actual(ns)  Slack(ns)  Location  Pin
Min Period        n/a     RAMB18E1/CLKARDCLK  n/a            2.472         10.000      7.528                <hidden>
Low Pulse Width   Slow    SRL16E/CLK          n/a            0.854         5.000       4.146                u_stage0_tcam/u_stage0_cam_core/stage0_cam_i/rtl_cam/mem/gsrl.srlmem/gblks[0].glast.blkb/loopw[0].sword/gsrl[0].gini0.psrl/CLK
High Pulse Width  Slow    SRL16E/CLK          n/a            0.854         5.000       4.146                u_stage0_tcam/u_stage0_cam_core/stage0_cam_i/rtl_cam/mem/gsrl.srlmem/gblks[0].glast.blkb/loopw[0].sword/gsrl[0].gini0.psrl/CLK



